---
source: crates/ty_server/tests/e2e/folding_range.rs
expression: ranges
---
[
  {
    "startLine": 0,
    "startCharacter": 14,
    "endLine": 3,
    "endCharacter": 0
  },
  {
    "startLine": 5,
    "startCharacter": 10,
    "endLine": 8,
    "endCharacter": 0
  },
  {
    "startLine": 10,
    "startCharacter": 11,
    "endLine": 13,
    "endCharacter": 0
  }
]
